Archive member included to satisfy reference by file (symbol)

c:/siliconlabs/simplicitystudio/v4/developer/toolchains/gnu_arm/7.2_2017q4/bin/../lib/gcc/arm-none-eabi/7.2.1/thumb/v7-m\libgcc.a(_aeabi_uldivmod.o)
                              ./emlib/em_usart.o (__aeabi_uldivmod)
c:/siliconlabs/simplicitystudio/v4/developer/toolchains/gnu_arm/7.2_2017q4/bin/../lib/gcc/arm-none-eabi/7.2.1/thumb/v7-m\libgcc.a(_udivmoddi4.o)
                              c:/siliconlabs/simplicitystudio/v4/developer/toolchains/gnu_arm/7.2_2017q4/bin/../lib/gcc/arm-none-eabi/7.2.1/thumb/v7-m\libgcc.a(_aeabi_uldivmod.o) (__udivmoddi4)
c:/siliconlabs/simplicitystudio/v4/developer/toolchains/gnu_arm/7.2_2017q4/bin/../lib/gcc/arm-none-eabi/7.2.1/thumb/v7-m\libgcc.a(_dvmd_tls.o)
                              c:/siliconlabs/simplicitystudio/v4/developer/toolchains/gnu_arm/7.2_2017q4/bin/../lib/gcc/arm-none-eabi/7.2.1/thumb/v7-m\libgcc.a(_aeabi_uldivmod.o) (__aeabi_ldiv0)
c:/siliconlabs/simplicitystudio/v4/developer/toolchains/gnu_arm/7.2_2017q4/bin/../lib/gcc/arm-none-eabi/7.2.1/../../../../arm-none-eabi/lib/thumb/v7-m\libc_nano.a(lib_a-abs.o)
                              ./emlib/segmentlcd.o (abs)
c:/siliconlabs/simplicitystudio/v4/developer/toolchains/gnu_arm/7.2_2017q4/bin/../lib/gcc/arm-none-eabi/7.2.1/../../../../arm-none-eabi/lib/thumb/v7-m\libc_nano.a(lib_a-exit.o)
                              c:/siliconlabs/simplicitystudio/v4/developer/toolchains/gnu_arm/7.2_2017q4/bin/../lib/gcc/arm-none-eabi/7.2.1/../../../../arm-none-eabi/lib/thumb/v7-m/crt0.o (exit)
c:/siliconlabs/simplicitystudio/v4/developer/toolchains/gnu_arm/7.2_2017q4/bin/../lib/gcc/arm-none-eabi/7.2.1/../../../../arm-none-eabi/lib/thumb/v7-m\libc_nano.a(lib_a-impure.o)
                              c:/siliconlabs/simplicitystudio/v4/developer/toolchains/gnu_arm/7.2_2017q4/bin/../lib/gcc/arm-none-eabi/7.2.1/../../../../arm-none-eabi/lib/thumb/v7-m\libc_nano.a(lib_a-exit.o) (_global_impure_ptr)
c:/siliconlabs/simplicitystudio/v4/developer/toolchains/gnu_arm/7.2_2017q4/bin/../lib/gcc/arm-none-eabi/7.2.1/../../../../arm-none-eabi/lib/thumb/v7-m\libc_nano.a(lib_a-init.o)
                              c:/siliconlabs/simplicitystudio/v4/developer/toolchains/gnu_arm/7.2_2017q4/bin/../lib/gcc/arm-none-eabi/7.2.1/../../../../arm-none-eabi/lib/thumb/v7-m/crt0.o (__libc_init_array)
c:/siliconlabs/simplicitystudio/v4/developer/toolchains/gnu_arm/7.2_2017q4/bin/../lib/gcc/arm-none-eabi/7.2.1/../../../../arm-none-eabi/lib/thumb/v7-m\libc_nano.a(lib_a-memcpy-stub.o)
                              ./emlib/bsp_stk.o (memcpy)
c:/siliconlabs/simplicitystudio/v4/developer/toolchains/gnu_arm/7.2_2017q4/bin/../lib/gcc/arm-none-eabi/7.2.1/../../../../arm-none-eabi/lib/thumb/v7-m\libc_nano.a(lib_a-memset.o)
                              c:/siliconlabs/simplicitystudio/v4/developer/toolchains/gnu_arm/7.2_2017q4/bin/../lib/gcc/arm-none-eabi/7.2.1/../../../../arm-none-eabi/lib/thumb/v7-m/crt0.o (memset)
c:/siliconlabs/simplicitystudio/v4/developer/toolchains/gnu_arm/7.2_2017q4/bin/../lib/gcc/arm-none-eabi/7.2.1/../../../../arm-none-eabi/lib/thumb/v7-m\libc_nano.a(lib_a-rand.o)
                              ./src/getrandom.o (srand)
c:/siliconlabs/simplicitystudio/v4/developer/toolchains/gnu_arm/7.2_2017q4/bin/../lib/gcc/arm-none-eabi/7.2.1/../../../../arm-none-eabi/lib/thumb/v7-m\libc_nano.a(lib_a-sprintf.o)
                              ./src/measure.o (sprintf)
c:/siliconlabs/simplicitystudio/v4/developer/toolchains/gnu_arm/7.2_2017q4/bin/../lib/gcc/arm-none-eabi/7.2.1/../../../../arm-none-eabi/lib/thumb/v7-m\libc_nano.a(lib_a-strlen.o)
                              ./emlib/segmentlcd.o (strlen)
c:/siliconlabs/simplicitystudio/v4/developer/toolchains/gnu_arm/7.2_2017q4/bin/../lib/gcc/arm-none-eabi/7.2.1/../../../../arm-none-eabi/lib/thumb/v7-m\libc_nano.a(lib_a-malloc.o)
                              c:/siliconlabs/simplicitystudio/v4/developer/toolchains/gnu_arm/7.2_2017q4/bin/../lib/gcc/arm-none-eabi/7.2.1/../../../../arm-none-eabi/lib/thumb/v7-m\libc_nano.a(lib_a-rand.o) (malloc)
c:/siliconlabs/simplicitystudio/v4/developer/toolchains/gnu_arm/7.2_2017q4/bin/../lib/gcc/arm-none-eabi/7.2.1/../../../../arm-none-eabi/lib/thumb/v7-m\libc_nano.a(lib_a-nano-freer.o)
                              c:/siliconlabs/simplicitystudio/v4/developer/toolchains/gnu_arm/7.2_2017q4/bin/../lib/gcc/arm-none-eabi/7.2.1/../../../../arm-none-eabi/lib/thumb/v7-m\libc_nano.a(lib_a-malloc.o) (_free_r)
c:/siliconlabs/simplicitystudio/v4/developer/toolchains/gnu_arm/7.2_2017q4/bin/../lib/gcc/arm-none-eabi/7.2.1/../../../../arm-none-eabi/lib/thumb/v7-m\libc_nano.a(lib_a-nano-mallocr.o)
                              c:/siliconlabs/simplicitystudio/v4/developer/toolchains/gnu_arm/7.2_2017q4/bin/../lib/gcc/arm-none-eabi/7.2.1/../../../../arm-none-eabi/lib/thumb/v7-m\libc_nano.a(lib_a-malloc.o) (_malloc_r)
[...]
Memory Configuration

Name             Origin             Length             Attributes
FLASH            0x00000000         0x00100000         xr
RAM              0x20000000         0x00020000         xrw
*default*        0x00000000         0xffffffff

Linker script and memory map

LOAD c:/siliconlabs/simplicitystudio/v4/developer/toolchains/gnu_arm/7.2_2017q4/bin/../lib/gcc/arm-none-eabi/7.2.1/thumb/v7-m/crti.o
LOAD c:/siliconlabs/simplicitystudio/v4/developer/toolchains/gnu_arm/7.2_2017q4/bin/../lib/gcc/arm-none-eabi/7.2.1/thumb/v7-m/crtbegin.o
LOAD c:/siliconlabs/simplicitystudio/v4/developer/toolchains/gnu_arm/7.2_2017q4/bin/../lib/gcc/arm-none-eabi/7.2.1/../../../../arm-none-eabi/lib/thumb/v7-m/crt0.o
LOAD ./CMSIS/EFM32GG/startup_gcc_efm32gg.o
LOAD ./CMSIS/EFM32GG/system_efm32gg.o
LOAD ./emlib/bsp_stk.o
LOAD ./emlib/bsp_stk_leds.o
LOAD ./emlib/em_cmu.o
LOAD ./emlib/em_gpio.o
LOAD ./emlib/em_lcd.o
LOAD ./emlib/em_system.o
LOAD ./emlib/em_usart.o
LOAD ./emlib/segmentlcd.o
LOAD ./src/countdown.o
LOAD ./src/delay.o
LOAD ./src/getrandom.o
LOAD ./src/main.o
LOAD ./src/measure.o
LOAD ./src/sendtousart.o
LOAD ./src/wait_to_start.o
START GROUP
LOAD c:/siliconlabs/simplicitystudio/v4/developer/toolchains/gnu_arm/7.2_2017q4/bin/../lib/gcc/arm-none-eabi/7.2.1/thumb/v7-m\libgcc.a
LOAD c:/siliconlabs/simplicitystudio/v4/developer/toolchains/gnu_arm/7.2_2017q4/bin/../lib/gcc/arm-none-eabi/7.2.1/../../../../arm-none-eabi/lib/thumb/v7-m\libc_nano.a
LOAD c:/siliconlabs/simplicitystudio/v4/developer/toolchains/gnu_arm/7.2_2017q4/bin/../lib/gcc/arm-none-eabi/7.2.1/../../../../arm-none-eabi/lib/thumb/v7-m\libnosys.a
END GROUP
START GROUP
LOAD c:/siliconlabs/simplicitystudio/v4/developer/toolchains/gnu_arm/7.2_2017q4/bin/../lib/gcc/arm-none-eabi/7.2.1/thumb/v7-m\libgcc.a
LOAD c:/siliconlabs/simplicitystudio/v4/developer/toolchains/gnu_arm/7.2_2017q4/bin/../lib/gcc/arm-none-eabi/7.2.1/../../../../arm-none-eabi/lib/thumb/v7-m\libg_nano.a
LOAD c:/siliconlabs/simplicitystudio/v4/developer/toolchains/gnu_arm/7.2_2017q4/bin/../lib/gcc/arm-none-eabi/7.2.1/../../../../arm-none-eabi/lib/thumb/v7-m\libc_nano.a
END GROUP
START GROUP
LOAD c:/siliconlabs/simplicitystudio/v4/developer/toolchains/gnu_arm/7.2_2017q4/bin/../lib/gcc/arm-none-eabi/7.2.1/thumb/v7-m\libgcc.a
LOAD c:/siliconlabs/simplicitystudio/v4/developer/toolchains/gnu_arm/7.2_2017q4/bin/../lib/gcc/arm-none-eabi/7.2.1/../../../../arm-none-eabi/lib/thumb/v7-m\libc_nano.a
END GROUP
LOAD c:/siliconlabs/simplicitystudio/v4/developer/toolchains/gnu_arm/7.2_2017q4/bin/../lib/gcc/arm-none-eabi/7.2.1/thumb/v7-m/crtend.o
LOAD c:/siliconlabs/simplicitystudio/v4/developer/toolchains/gnu_arm/7.2_2017q4/bin/../lib/gcc/arm-none-eabi/7.2.1/thumb/v7-m/crtn.o

.text           0x00000000     0x381c
 *(.vectors)
 .vectors       0x00000000       0xdc ./CMSIS/EFM32GG/startup_gcc_efm32gg.o
                0x00000000                __Vectors
                0x000000dc                __Vectors_End = .
                0x000000dc                __Vectors_Size = (__Vectors_End - __Vectors)
                0x000000dc                __end__ = .
 *(.text*)
 .text          0x000000dc       0x40 c:/siliconlabs/simplicitystudio/v4/developer/toolchains/gnu_arm/7.2_2017q4/bin/../lib/gcc/arm-none-eabi/7.2.1/thumb/v7-m/crtbegin.o
 .text          0x0000011c       0x74 c:/siliconlabs/simplicitystudio/v4/developer/toolchains/gnu_arm/7.2_2017q4/bin/../lib/gcc/arm-none-eabi/7.2.1/../../../../arm-none-eabi/lib/thumb/v7-m/crt0.o
                0x0000011c                _start
                0x0000011c                _mainCRTStartup
 .text          0x00000190       0x30 ./CMSIS/EFM32GG/startup_gcc_efm32gg.o
                0x00000190                Reset_Handler
                0x000001bc                DebugMon_Handler
                0x000001bc                USART0_TX_IRQHandler
                0x000001bc                I2C0_IRQHandler
                0x000001bc                HardFault_Handler
                0x000001bc                LEUART1_IRQHandler
                0x000001bc                USART1_RX_IRQHandler
                0x000001bc                PendSV_Handler
                0x000001bc                NMI_Handler
                0x000001bc                I2C1_IRQHandler
                0x000001bc                TIMER3_IRQHandler
                0x000001bc                USART1_TX_IRQHandler
                0x000001bc                MSC_IRQHandler
                0x000001bc                ADC0_IRQHandler
                0x000001bc                UsageFault_Handler
                0x000001bc                LEUART0_IRQHandler
                0x000001bc                GPIO_EVEN_IRQHandler
                0x000001bc                UART0_TX_IRQHandler
                0x000001bc                UART1_TX_IRQHandler
                0x000001bc                RTC_IRQHandler
                0x000001bc                TIMER0_IRQHandler
                0x000001bc                TIMER2_IRQHandler
                0x000001bc                LCD_IRQHandler
                0x000001bc                PCNT2_IRQHandler
                0x000001bc                UART0_RX_IRQHandler
                0x000001bc                LETIMER0_IRQHandler
                0x000001bc                TIMER1_IRQHandler
                0x000001bc                USART2_RX_IRQHandler
                0x000001bc                Default_Handler
                0x000001bc                EMU_IRQHandler
                0x000001bc                PCNT0_IRQHandler
                0x000001bc                sl_app_properties
                0x000001bc                USB_IRQHandler
                0x000001bc                BURTC_IRQHandler
                0x000001bc                PCNT1_IRQHandler
                0x000001bc                ACMP0_IRQHandler
                0x000001bc                USART0_RX_IRQHandler
                0x000001bc                MemManage_Handler
                0x000001bc                SVC_Handler
                0x000001bc                DAC0_IRQHandler
                0x000001bc                UART1_RX_IRQHandler
                0x000001bc                CMU_IRQHandler
                0x000001bc                EBI_IRQHandler
                0x000001bc                LESENSE_IRQHandler
                0x000001bc                GPIO_ODD_IRQHandler
                0x000001bc                AES_IRQHandler
                0x000001bc                VCMP_IRQHandler
                0x000001bc                DMA_IRQHandler
                0x000001bc                BusFault_Handler
                0x000001bc                USART2_TX_IRQHandler
 .text.GetProdRev
                0x000001c0       0x18 ./CMSIS/EFM32GG/system_efm32gg.o
 .text.SystemCoreClockGet
                0x000001d8       0x34 ./CMSIS/EFM32GG/system_efm32gg.o
                0x000001d8                SystemCoreClockGet
 .text.SystemMaxCoreClockGet
                0x0000020c       0x14 ./CMSIS/EFM32GG/system_efm32gg.o
                0x0000020c                SystemMaxCoreClockGet
 .text.SystemHFClockGet
                0x00000220      0x100 ./CMSIS/EFM32GG/system_efm32gg.o
                0x00000220                SystemHFClockGet
 .text.SystemHFXOClockGet
                0x00000320       0x14 ./CMSIS/EFM32GG/system_efm32gg.o
                0x00000320                SystemHFXOClockGet
 .text.SystemInit
                0x00000334       0x1c ./CMSIS/EFM32GG/system_efm32gg.o
                0x00000334                SystemInit
 .text.SystemLFRCOClockGet
                0x00000350       0x10 ./CMSIS/EFM32GG/system_efm32gg.o
                0x00000350                SystemLFRCOClockGet
 .text.SystemULFRCOClockGet
                0x00000360       0x10 ./CMSIS/EFM32GG/system_efm32gg.o
                0x00000360                SystemULFRCOClockGet
 .text.SystemLFXOClockGet
                0x00000370       0x14 ./CMSIS/EFM32GG/system_efm32gg.o
                0x00000370                SystemLFXOClockGet
 .text.GPIO_PinOutClear
                0x00000384       0x58 ./emlib/bsp_stk_leds.o
 .text.GPIO_PinOutToggle
                0x000003dc       0x58 ./emlib/bsp_stk_leds.o
 .text.BSP_LedsInit
                0x00000434       0x58 ./emlib/bsp_stk_leds.o
                0x00000434                BSP_LedsInit
 .text.BSP_LedClear
                0x0000048c       0x40 ./emlib/bsp_stk_leds.o
                0x0000048c                BSP_LedClear
 .text.BSP_LedToggle
                0x000004cc       0x40 ./emlib/bsp_stk_leds.o
                0x000004cc                BSP_LedToggle
 .text.BUS_RegBitWrite
                0x0000050c       0x2c ./emlib/em_cmu.o
 .text.BUS_RegBitRead
                0x00000538       0x28 ./emlib/em_cmu.o
 .text.SL_Log2ToDiv
                0x00000560       0x1a ./emlib/em_cmu.o
 .text.CMU_DivToLog2
                0x0000057a       0x30 ./emlib/em_cmu.o
 *fill*         0x000005aa        0x2 
 .text.SYSTEM_GetProdRev
                0x000005ac       0x18 ./emlib/em_cmu.o
 .text.SYSTEM_GetFamily
                0x000005c4       0x18 ./emlib/em_cmu.o
 .text.maxFreqHfle
                0x000005dc       0x7c ./emlib/em_cmu.o
 .text.setHfLeConfig
                0x00000658       0x64 ./emlib/em_cmu.o
 .text.getHfLeConfig
                0x000006bc       0x20 ./emlib/em_cmu.o
 .text.auxClkGet
                0x000006dc       0xb0 ./emlib/em_cmu.o
 .text.dbgClkGet
                0x0000078c       0x40 ./emlib/em_cmu.o
 .text.flashWaitStateControl
                0x000007cc       0x98 ./emlib/em_cmu.o
 .text.flashWaitStateMax
                0x00000864       0x44 ./emlib/em_cmu.o
 .text.CMU_UpdateWaitStates
                0x000008a8       0x40 ./emlib/em_cmu.o
                0x000008a8                CMU_UpdateWaitStates
 .text.lfClkGet
                0x000008e8       0xec ./emlib/em_cmu.o
 .text.syncReg  0x000009d4       0x34 ./emlib/em_cmu.o
 .text.usbCClkGet
                0x00000a08       0x4c ./emlib/em_cmu.o
 .text.hfperClkSafePrescaler
                0x00000a54        0xc ./emlib/em_cmu.o
 .text.hfperClkOptimizedPrescaler
                0x00000a60        0xc ./emlib/em_cmu.o
 .text.CMU_ClockDivGet
                0x00000a6c      0x1a4 ./emlib/em_cmu.o
                0x00000a6c                CMU_ClockDivGet
 .text.CMU_ClockDivSet
                0x00000c10      0x264 ./emlib/em_cmu.o
                0x00000c10                CMU_ClockDivSet
 .text.CMU_ClockEnable
                0x00000e74       0xc8 ./emlib/em_cmu.o
                0x00000e74                CMU_ClockEnable
 .text.CMU_ClockFreqGet
                0x00000f3c      0x200 ./emlib/em_cmu.o
                0x00000f3c                CMU_ClockFreqGet
 .text.CMU_ClockSelectGet
                0x0000113c      0x15c ./emlib/em_cmu.o
                0x0000113c                CMU_ClockSelectGet
 .text.CMU_ClockSelectSet
                0x00001298      0x298 ./emlib/em_cmu.o
                0x00001298                CMU_ClockSelectSet
 .text.CMU_LCDClkFDIVSet
                0x00001530       0x3c ./emlib/em_cmu.o
                0x00001530                CMU_LCDClkFDIVSet
 .text.CMU_OscillatorEnable
                0x0000156c       0xbc ./emlib/em_cmu.o
                0x0000156c                CMU_OscillatorEnable
 .text.GPIO_PinOutClear
                0x00001628       0x58 ./emlib/em_gpio.o
 .text.GPIO_PinOutSet
                0x00001680       0x58 ./emlib/em_gpio.o
 .text.GPIO_PinModeSet
                0x000016d8      0x118 ./emlib/em_gpio.o
                0x000016d8                GPIO_PinModeSet
 .text.LCD_Enable
                0x000017f0       0x38 ./emlib/em_lcd.o
 .text.BUS_RegBitWrite
                0x00001828       0x2c ./emlib/em_lcd.o
 .text.LCD_Init
                0x00001854       0x78 ./emlib/em_lcd.o
                0x00001854                LCD_Init
 .text.LCD_VLCDSelect
                0x000018cc       0x44 ./emlib/em_lcd.o
                0x000018cc                LCD_VLCDSelect
 .text.LCD_SegmentRangeEnable
                0x00001910       0x40 ./emlib/em_lcd.o
                0x00001910                LCD_SegmentRangeEnable
 .text.LCD_SegmentSet
                0x00001950      0x1c8 ./emlib/em_lcd.o
                0x00001950                LCD_SegmentSet
 .text.LCD_SegmentSetLow
                0x00001b18      0x17c ./emlib/em_lcd.o
                0x00001b18                LCD_SegmentSetLow
 .text.LCD_SegmentSetHigh
                0x00001c94      0x17c ./emlib/em_lcd.o
                0x00001c94                LCD_SegmentSetHigh
 .text.LCD_VBoostSet
                0x00001e10       0x28 ./emlib/em_lcd.o
                0x00001e10                LCD_VBoostSet
 .text.SYSTEM_ChipRevisionGet
                0x00001e38       0x78 ./emlib/em_system.o
                0x00001e38                SYSTEM_ChipRevisionGet
 .text.prsRxInput
                0x00001eb0       0x24 ./emlib/em_usart.o
 .text.USART_BaudrateAsyncSet
                0x00001ed4       0xb0 ./emlib/em_usart.o
                0x00001ed4                USART_BaudrateAsyncSet
 .text.USART_InitAsync
                0x00001f84       0xc4 ./emlib/em_usart.o
                0x00001f84                USART_InitAsync
 .text.USART_Reset
                0x00002048       0xb0 ./emlib/em_usart.o
                0x00002048                USART_Reset
 .text.USART_Tx
                0x000020f8       0x2a ./emlib/em_usart.o
                0x000020f8                USART_Tx
 *fill*         0x00002122        0x2 
 .text.LCD_FreezeEnable
                0x00002124       0x2c ./emlib/segmentlcd.o
 .text.LCD_SyncBusyDelay
                0x00002150       0x24 ./emlib/segmentlcd.o
 .text.LCD_IntDisable
                0x00002174       0x24 ./emlib/segmentlcd.o
 .text.SegmentLCD_AllOff
                0x00002198       0xac ./emlib/segmentlcd.o
                0x00002198                SegmentLCD_AllOff
 .text.SegmentLCD_AlphaNumberOff
                0x00002244       0xa8 ./emlib/segmentlcd.o
                0x00002244                SegmentLCD_AlphaNumberOff
 .text.SegmentLCD_Init
                0x000022ec       0xb8 ./emlib/segmentlcd.o
                0x000022ec                SegmentLCD_Init
 .text.SegmentLCD_Number
                0x000023a4      0x128 ./emlib/segmentlcd.o
                0x000023a4                SegmentLCD_Number
 .text.SegmentLCD_NumberOff
                0x000024cc       0x4e ./emlib/segmentlcd.o
                0x000024cc                SegmentLCD_NumberOff
 *fill*         0x0000251a        0x2 
 .text.SegmentLCD_Write
                0x0000251c       0xd8 ./emlib/segmentlcd.o
                0x0000251c                SegmentLCD_Write
 .text.countDown
                0x000025f4       0x48 ./src/countdown.o
                0x000025f4                countDown
 .text.Delay    0x0000263c       0x2c ./src/delay.o
                0x0000263c                Delay
 .text.getRandom
                0x00002668       0x50 ./src/getrandom.o
                0x00002668                getRandom
 .text.__NVIC_SetPriority
                0x000026b8       0x54 ./src/main.o
 .text.SysTick_Config
                0x0000270c       0x44 ./src/main.o
 .text.SYSTEM_GetProdRev
                0x00002750       0x18 ./src/main.o
 .text.CHIP_Init
                0x00002768       0x48 ./src/main.o
 .text.SysTick_Handler
                0x000027b0       0x1c ./src/main.o
                0x000027b0                SysTick_Handler
 .text.main     0x000027cc       0xd4 ./src/main.o
                0x000027cc                main
 .text.BUS_RegBitRead
                0x000028a0       0x28 ./src/measure.o
 .text.GPIO_PinInGet
                0x000028c8       0x54 ./src/measure.o
 .text.measure  0x0000291c       0xb0 ./src/measure.o
                0x0000291c                measure
 .text.sendToUsart
                0x000029cc       0x68 ./src/sendtousart.o
                0x000029cc                sendToUsart
 .text.BUS_RegBitRead
                0x00002a34       0x28 ./src/wait_to_start.o
 .text.GPIO_PinInGet
                0x00002a5c       0x54 ./src/wait_to_start.o
 .text.waitToStart
                0x00002ab0       0x28 ./src/wait_to_start.o
                0x00002ab0                waitToStart
 .text.abs      0x00002ad8        0x8 c:/siliconlabs/simplicitystudio/v4/developer/toolchains/gnu_arm/7.2_2017q4/bin/../lib/gcc/arm-none-eabi/7.2.1/../../../../arm-none-eabi/lib/thumb/v7-m\libc_nano.a(lib_a-abs.o)
                0x00002ad8                abs
 .text.exit     0x00002ae0       0x28 c:/siliconlabs/simplicitystudio/v4/developer/toolchains/gnu_arm/7.2_2017q4/bin/../lib/gcc/arm-none-eabi/7.2.1/../../../../arm-none-eabi/lib/thumb/v7-m\libc_nano.a(lib_a-exit.o)
                0x00002ae0                exit
 .text.__libc_init_array
                0x00002b08       0x48 c:/siliconlabs/simplicitystudio/v4/developer/toolchains/gnu_arm/7.2_2017q4/bin/../lib/gcc/arm-none-eabi/7.2.1/../../../../arm-none-eabi/lib/thumb/v7-m\libc_nano.a(lib_a-init.o)
                0x00002b08                __libc_init_array
 .text.memcpy   0x00002b50       0x16 c:/siliconlabs/simplicitystudio/v4/developer/toolchains/gnu_arm/7.2_2017q4/bin/../lib/gcc/arm-none-eabi/7.2.1/../../../../arm-none-eabi/lib/thumb/v7-m\libc_nano.a(lib_a-memcpy-stub.o)
                0x00002b50                memcpy
 .text.memset   0x00002b66       0x10 c:/siliconlabs/simplicitystudio/v4/developer/toolchains/gnu_arm/7.2_2017q4/bin/../lib/gcc/arm-none-eabi/7.2.1/../../../../arm-none-eabi/lib/thumb/v7-m\libc_nano.a(lib_a-memset.o)
                0x00002b66                memset
 *fill*         0x00002b76        0x2 
 .text.srand    0x00002b78       0x48 c:/siliconlabs/simplicitystudio/v4/developer/toolchains/gnu_arm/7.2_2017q4/bin/../lib/gcc/arm-none-eabi/7.2.1/../../../../arm-none-eabi/lib/thumb/v7-m\libc_nano.a(lib_a-rand.o)
                0x00002b78                srand
 .text.rand     0x00002bc0       0x68 c:/siliconlabs/simplicitystudio/v4/developer/toolchains/gnu_arm/7.2_2017q4/bin/../lib/gcc/arm-none-eabi/7.2.1/../../../../arm-none-eabi/lib/thumb/v7-m\libc_nano.a(lib_a-rand.o)
                0x00002bc0                rand
 .text.sprintf  0x00002c28       0x40 c:/siliconlabs/simplicitystudio/v4/developer/toolchains/gnu_arm/7.2_2017q4/bin/../lib/gcc/arm-none-eabi/7.2.1/../../../../arm-none-eabi/lib/thumb/v7-m\libc_nano.a(lib_a-sprintf.o)
                0x00002c28                siprintf
                0x00002c28                sprintf
 .text          0x00002c68       0x10 c:/siliconlabs/simplicitystudio/v4/developer/toolchains/gnu_arm/7.2_2017q4/bin/../lib/gcc/arm-none-eabi/7.2.1/../../../../arm-none-eabi/lib/thumb/v7-m\libc_nano.a(lib_a-strlen.o)
                0x00002c68                strlen
 .text.malloc   0x00002c78       0x10 c:/siliconlabs/simplicitystudio/v4/developer/toolchains/gnu_arm/7.2_2017q4/bin/../lib/gcc/arm-none-eabi/7.2.1/../../../../arm-none-eabi/lib/thumb/v7-m\libc_nano.a(lib_a-malloc.o)
                0x00002c78                malloc
 .text._free_r  0x00002c88       0x98 c:/siliconlabs/simplicitystudio/v4/developer/toolchains/gnu_arm/7.2_2017q4/bin/../lib/gcc/arm-none-eabi/7.2.1/../../../../arm-none-eabi/lib/thumb/v7-m\libc_nano.a(lib_a-nano-freer.o)
                0x00002c88                _free_r
 .text._malloc_r
                0x00002d20       0xb4 c:/siliconlabs/simplicitystudio/v4/developer/toolchains/gnu_arm/7.2_2017q4/bin/../lib/gcc/arm-none-eabi/7.2.1/../../../../arm-none-eabi/lib/thumb/v7-m\libc_nano.a(lib_a-nano-mallocr.o)
                0x00002d20                _malloc_r
 .text.__ssputs_r
                0x00002dd4       0xb4 c:/siliconlabs/simplicitystudio/v4/developer/toolchains/gnu_arm/7.2_2017q4/bin/../lib/gcc/arm-none-eabi/7.2.1/../../../../arm-none-eabi/lib/thumb/v7-m\libc_nano.a(lib_a-nano-svfprintf.o)
                0x00002dd4                __ssputs_r
 .text._svfprintf_r
                0x00002e88      0x1ec c:/siliconlabs/simplicitystudio/v4/developer/toolchains/gnu_arm/7.2_2017q4/bin/../lib/gcc/arm-none-eabi/7.2.1/../../../../arm-none-eabi/lib/thumb/v7-m\libc_nano.a(lib_a-nano-svfprintf.o)
                0x00002e88                _svfiprintf_r
                0x00002e88                _svfprintf_r
 .text._printf_common
                0x00003074       0xec c:/siliconlabs/simplicitystudio/v4/developer/toolchains/gnu_arm/7.2_2017q4/bin/../lib/gcc/arm-none-eabi/7.2.1/../../../../arm-none-eabi/lib/thumb/v7-m\libc_nano.a(lib_a-nano-vfprintf_i.o)
                0x00003074                _printf_common
 .text._printf_i
                0x00003160      0x224 c:/siliconlabs/simplicitystudio/v4/developer/toolchains/gnu_arm/7.2_2017q4/bin/../lib/gcc/arm-none-eabi/7.2.1/../../../../arm-none-eabi/lib/thumb/v7-m\libc_nano.a(lib_a-nano-vfprintf_i.o)
                0x00003160                _printf_i
 .text._sbrk_r  0x00003384       0x20 c:/siliconlabs/simplicitystudio/v4/developer/toolchains/gnu_arm/7.2_2017q4/bin/../lib/gcc/arm-none-eabi/7.2.1/../../../../arm-none-eabi/lib/thumb/v7-m\libc_nano.a(lib_a-sbrkr.o)
                0x00003384                _sbrk_r
 .text.memchr   0x000033a4       0x1c c:/siliconlabs/simplicitystudio/v4/developer/toolchains/gnu_arm/7.2_2017q4/bin/../lib/gcc/arm-none-eabi/7.2.1/../../../../arm-none-eabi/lib/thumb/v7-m\libc_nano.a(lib_a-memchr-stub.o)
                0x000033a4                memchr
 .text.memmove  0x000033c0       0x32 c:/siliconlabs/simplicitystudio/v4/developer/toolchains/gnu_arm/7.2_2017q4/bin/../lib/gcc/arm-none-eabi/7.2.1/../../../../arm-none-eabi/lib/thumb/v7-m\libc_nano.a(lib_a-memmove.o)
                0x000033c0                memmove
 .text.__malloc_lock
                0x000033f2        0x2 c:/siliconlabs/simplicitystudio/v4/developer/toolchains/gnu_arm/7.2_2017q4/bin/../lib/gcc/arm-none-eabi/7.2.1/../../../../arm-none-eabi/lib/thumb/v7-m\libc_nano.a(lib_a-mlock.o)
                0x000033f2                __malloc_lock
 .text.__malloc_unlock
                0x000033f4        0x2 c:/siliconlabs/simplicitystudio/v4/developer/toolchains/gnu_arm/7.2_2017q4/bin/../lib/gcc/arm-none-eabi/7.2.1/../../../../arm-none-eabi/lib/thumb/v7-m\libc_nano.a(lib_a-mlock.o)
                0x000033f4                __malloc_unlock
 .text._realloc_r
                0x000033f6       0x4c c:/siliconlabs/simplicitystudio/v4/developer/toolchains/gnu_arm/7.2_2017q4/bin/../lib/gcc/arm-none-eabi/7.2.1/../../../../arm-none-eabi/lib/thumb/v7-m\libc_nano.a(lib_a-nano-reallocr.o)
                0x000033f6                _realloc_r
 .text._malloc_usable_size_r
                0x00003442       0x10 c:/siliconlabs/simplicitystudio/v4/developer/toolchains/gnu_arm/7.2_2017q4/bin/../lib/gcc/arm-none-eabi/7.2.1/../../../../arm-none-eabi/lib/thumb/v7-m\libc_nano.a(lib_a-nano-msizer.o)
                0x00003442                _malloc_usable_size_r
 *fill*         0x00003452        0x2 
 .text._sbrk    0x00003454       0x1c c:/siliconlabs/simplicitystudio/v4/developer/toolchains/gnu_arm/7.2_2017q4/bin/../lib/gcc/arm-none-eabi/7.2.1/../../../../arm-none-eabi/lib/thumb/v7-m\libnosys.a(sbrk.o)
                0x00003454                _sbrk
 .text._exit    0x00003470        0x4 c:/siliconlabs/simplicitystudio/v4/developer/toolchains/gnu_arm/7.2_2017q4/bin/../lib/gcc/arm-none-eabi/7.2.1/../../../../arm-none-eabi/lib/thumb/v7-m\libnosys.a(_exit.o)
                0x00003470                _exit
 *(.init)
 .init          0x00003474        0x4 c:/siliconlabs/simplicitystudio/v4/developer/toolchains/gnu_arm/7.2_2017q4/bin/../lib/gcc/arm-none-eabi/7.2.1/thumb/v7-m/crti.o
                0x00003474                _init
 .init          0x00003478        0x8 c:/siliconlabs/simplicitystudio/v4/developer/toolchains/gnu_arm/7.2_2017q4/bin/../lib/gcc/arm-none-eabi/7.2.1/thumb/v7-m/crtn.o
 *(.fini)
 .fini          0x00003480        0x4 c:/siliconlabs/simplicitystudio/v4/developer/toolchains/gnu_arm/7.2_2017q4/bin/../lib/gcc/arm-none-eabi/7.2.1/thumb/v7-m/crti.o
                0x00003480                _fini
 .fini          0x00003484        0x8 c:/siliconlabs/simplicitystudio/v4/developer/toolchains/gnu_arm/7.2_2017q4/bin/../lib/gcc/arm-none-eabi/7.2.1/thumb/v7-m/crtn.o
 *crtbegin.o(.ctors)
 *crtbegin?.o(.ctors)
 *(EXCLUDE_FILE(*crtend.o *crtend?.o) .ctors)
 *(SORT_BY_NAME(.ctors.*))
 *(.ctors)
 *crtbegin.o(.dtors)
 *crtbegin?.o(.dtors)
 *(EXCLUDE_FILE(*crtend.o *crtend?.o) .dtors)
 *(SORT_BY_NAME(.dtors.*))
 *(.dtors)
 *(.rodata*)
 .rodata.ledArray
                0x0000348c       0x10 ./emlib/bsp_stk_leds.o
 .rodata.EFM_Display
                0x0000349c      0x1fe ./emlib/segmentlcd.o
 *fill*         0x0000369a        0x2 
 .rodata.Segment_Alphabet
                0x0000369c       0xb8 ./emlib/segmentlcd.o
 .rodata.Segment_Numbers
                0x00003754       0x22 ./emlib/segmentlcd.o
 *fill*         0x00003776        0x2 
 .rodata.lcdInit
                0x00003778       0x14 ./emlib/segmentlcd.o
 .rodata        0x0000378c       0x12 ./src/countdown.o
 *fill*         0x0000379e        0x2 
 .rodata        0x000037a0       0x18 ./src/main.o
 .rodata        0x000037b8        0x6 ./src/measure.o
 *fill*         0x000037be        0x2 
 .rodata        0x000037c0       0x15 ./src/sendtousart.o
 *fill*         0x000037d5        0x3 
 .rodata        0x000037d8        0x7 ./src/wait_to_start.o
 *fill*         0x000037df        0x1 
 .rodata._global_impure_ptr
                0x000037e0        0x4 c:/siliconlabs/simplicitystudio/v4/developer/toolchains/gnu_arm/7.2_2017q4/bin/../lib/gcc/arm-none-eabi/7.2.1/../../../../arm-none-eabi/lib/thumb/v7-m\libc_nano.a(lib_a-impure.o)
                0x000037e0                _global_impure_ptr
 .rodata._svfprintf_r.str1.1
                0x000037e4       0x11 c:/siliconlabs/simplicitystudio/v4/developer/toolchains/gnu_arm/7.2_2017q4/bin/../lib/gcc/arm-none-eabi/7.2.1/../../../../arm-none-eabi/lib/thumb/v7-m\libc_nano.a(lib_a-nano-svfprintf.o)
 .rodata._printf_i.str1.1
                0x000037f5       0x22 c:/siliconlabs/simplicitystudio/v4/developer/toolchains/gnu_arm/7.2_2017q4/bin/../lib/gcc/arm-none-eabi/7.2.1/../../../../arm-none-eabi/lib/thumb/v7-m\libc_nano.a(lib_a-nano-vfprintf_i.o)
 *(.eh_frame*)
 *fill*         0x00003817        0x1 
 .eh_frame      0x00003818        0x0 c:/siliconlabs/simplicitystudio/v4/developer/toolchains/gnu_arm/7.2_2017q4/bin/../lib/gcc/arm-none-eabi/7.2.1/thumb/v7-m/crtbegin.o
 .eh_frame      0x00003818        0x4 c:/siliconlabs/simplicitystudio/v4/developer/toolchains/gnu_arm/7.2_2017q4/bin/../lib/gcc/arm-none-eabi/7.2.1/thumb/v7-m/crtend.o

.glue_7         0x0000381c        0x0
 .glue_7        0x0000381c        0x0 linker stubs

.glue_7t        0x0000381c        0x0
 .glue_7t       0x0000381c        0x0 linker stubs

.vfp11_veneer   0x0000381c        0x0
 .vfp11_veneer  0x0000381c        0x0 linker stubs

.v4_bx          0x0000381c        0x0
 .v4_bx         0x0000381c        0x0 linker stubs

.iplt           0x0000381c        0x0
 .iplt          0x0000381c        0x0 c:/siliconlabs/simplicitystudio/v4/developer/toolchains/gnu_arm/7.2_2017q4/bin/../lib/gcc/arm-none-eabi/7.2.1/thumb/v7-m/crtbegin.o

.ARM.extab
 *(.ARM.extab* .gnu.linkonce.armextab.*)
                0x0000381c                __exidx_start = .

.ARM.exidx      0x0000381c        0x8
 *(.ARM.exidx* .gnu.linkonce.armexidx.*)
 .ARM.exidx     0x0000381c        0x8 c:/siliconlabs/simplicitystudio/v4/developer/toolchains/gnu_arm/7.2_2017q4/bin/../lib/gcc/arm-none-eabi/7.2.1/../../../../arm-none-eabi/lib/thumb/v7-m/crt0.o
                0x00003824                __exidx_end = .
                0x00003824                __etext = .

.rel.dyn        0x00003824        0x0
 .rel.iplt      0x00003824        0x0 c:/siliconlabs/simplicitystudio/v4/developer/toolchains/gnu_arm/7.2_2017q4/bin/../lib/gcc/arm-none-eabi/7.2.1/thumb/v7-m/crtbegin.o

.data           0x20000000       0x78 load address 0x00003824
                0x20000000                __data_start__ = .
 *(vtable)
 *(.data*)
 .data.SystemHFXOClock
                0x20000000        0x4 ./CMSIS/EFM32GG/system_efm32gg.o
 .data.SystemLFXOClock
                0x20000004        0x4 ./CMSIS/EFM32GG/system_efm32gg.o
 .data.SystemCoreClock
                0x20000008        0x4 ./CMSIS/EFM32GG/system_efm32gg.o
                0x20000008                SystemCoreClock
 .data._impure_ptr
                0x2000000c        0x4 c:/siliconlabs/simplicitystudio/v4/developer/toolchains/gnu_arm/7.2_2017q4/bin/../lib/gcc/arm-none-eabi/7.2.1/../../../../arm-none-eabi/lib/thumb/v7-m\libc_nano.a(lib_a-impure.o)
                0x2000000c                _impure_ptr
 .data.impure_data
                0x20000010       0x60 c:/siliconlabs/simplicitystudio/v4/developer/toolchains/gnu_arm/7.2_2017q4/bin/../lib/gcc/arm-none-eabi/7.2.1/../../../../arm-none-eabi/lib/thumb/v7-m\libc_nano.a(lib_a-impure.o)
                0x20000070                . = ALIGN (0x4)
                [!provide]                PROVIDE (__ram_func_section_start, .)
 *(.ram)
                [!provide]                PROVIDE (__ram_func_section_end, .)
                0x20000070                . = ALIGN (0x4)
                0x20000070                PROVIDE (__preinit_array_start, .)
 *(.preinit_array)
                0x20000070                PROVIDE (__preinit_array_end, .)
                0x20000070                . = ALIGN (0x4)
                0x20000070                PROVIDE (__init_array_start, .)
 *(SORT_BY_NAME(.init_array.*))
 *(.init_array)
 .init_array    0x20000070        0x4 c:/siliconlabs/simplicitystudio/v4/developer/toolchains/gnu_arm/7.2_2017q4/bin/../lib/gcc/arm-none-eabi/7.2.1/thumb/v7-m/crtbegin.o
                0x20000074                PROVIDE (__init_array_end, .)
                0x20000074                . = ALIGN (0x4)
                [!provide]                PROVIDE (__fini_array_start, .)
 *(SORT_BY_NAME(.fini_array.*))
 *(.fini_array)
 .fini_array    0x20000074        0x4 c:/siliconlabs/simplicitystudio/v4/developer/toolchains/gnu_arm/7.2_2017q4/bin/../lib/gcc/arm-none-eabi/7.2.1/thumb/v7-m/crtbegin.o
                [!provide]                PROVIDE (__fini_array_end, .)
 *(.jcr*)
                0x20000078                . = ALIGN (0x4)
                0x20000078                __data_end__ = .

.igot.plt       0x20000078        0x0 load address 0x0000389c
 .igot.plt      0x20000078        0x0 c:/siliconlabs/simplicitystudio/v4/developer/toolchains/gnu_arm/7.2_2017q4/bin/../lib/gcc/arm-none-eabi/7.2.1/thumb/v7-m/crtbegin.o

.bss            0x20000078      0x150 load address 0x0000389c
                0x20000078                . = ALIGN (0x4)
                0x20000078                __bss_start__ = .
 *(.bss*)
 .bss           0x20000078       0x1c c:/siliconlabs/simplicitystudio/v4/developer/toolchains/gnu_arm/7.2_2017q4/bin/../lib/gcc/arm-none-eabi/7.2.1/thumb/v7-m/crtbegin.o
 .bss.__malloc_free_list
                0x20000094        0x4 c:/siliconlabs/simplicitystudio/v4/developer/toolchains/gnu_arm/7.2_2017q4/bin/../lib/gcc/arm-none-eabi/7.2.1/../../../../arm-none-eabi/lib/thumb/v7-m\libc_nano.a(lib_a-nano-mallocr.o)
                0x20000094                __malloc_free_list
 .bss.__malloc_sbrk_start
                0x20000098        0x4 c:/siliconlabs/simplicitystudio/v4/developer/toolchains/gnu_arm/7.2_2017q4/bin/../lib/gcc/arm-none-eabi/7.2.1/../../../../arm-none-eabi/lib/thumb/v7-m\libc_nano.a(lib_a-nano-mallocr.o)
                0x20000098                __malloc_sbrk_start
 .bss.heap_end.4102
                0x2000009c        0x4 c:/siliconlabs/simplicitystudio/v4/developer/toolchains/gnu_arm/7.2_2017q4/bin/../lib/gcc/arm-none-eabi/7.2.1/../../../../arm-none-eabi/lib/thumb/v7-m\libnosys.a(sbrk.o)
 *(COMMON)
 COMMON         0x200000a0       0x1c ./src/main.o
                0x200000a0                random
                0x200000a4                startingValue
                0x200000a8                resultWhole
                0x200000ac                result
                0x200000b0                msTicks
                0x200000b4                endValue
                0x200000b8                resultFraction
 COMMON         0x200000bc        0x6 ./src/measure.o
                0x200000bc                str
 *fill*         0x200000c2        0x2 
 COMMON         0x200000c4      0x100 ./src/sendtousart.o
                0x200000c4                str1
 COMMON         0x200001c4        0x4 c:/siliconlabs/simplicitystudio/v4/developer/toolchains/gnu_arm/7.2_2017q4/bin/../lib/gcc/arm-none-eabi/7.2.1/../../../../arm-none-eabi/lib/thumb/v7-m\libc_nano.a(lib_a-reent.o)
                0x200001c4                errno
                0x200001c8                . = ALIGN (0x4)
                0x200001c8                __bss_end__ = .

.heap           0x200001c8      0xc00
                0x200001c8                __HeapBase = .
                0x200001c8                __end__ = .
                0x200001c8                end = __end__
                0x200001c8                _end = __end__
 *(.heap*)
 .heap          0x200001c8      0xc00 ./CMSIS/EFM32GG/startup_gcc_efm32gg.o
                0x20000dc8                __HeapLimit = .

.stack_dummy    0x200001c8      0x400
 *(.stack*)
 .stack         0x200001c8      0x400 ./CMSIS/EFM32GG/startup_gcc_efm32gg.o
                0x20020000                __StackTop = (ORIGIN (RAM) + LENGTH (RAM))
                0x2001fc00                __StackLimit = (__StackTop - SIZEOF (.stack_dummy))
                0x20020000                PROVIDE (__stack, __StackTop)
                0x00000001                ASSERT ((__StackLimit >= __HeapLimit), region RAM overflowed with stack)
                0x00000001                ASSERT ((LENGTH (FLASH) >= (__etext + SIZEOF (.data))), FLASH memory overflowed !)
OUTPUT(hazi.axf elf32-littlearm)

.ARM.attributes
                0x00000000       0x29
 .ARM.attributes
                0x00000000       0x1d c:/siliconlabs/simplicitystudio/v4/developer/toolchains/gnu_arm/7.2_2017q4/bin/../lib/gcc/arm-none-eabi/7.2.1/thumb/v7-m/crti.o
 .ARM.attributes
                0x0000001d       0x2d c:/siliconlabs/simplicitystudio/v4/developer/toolchains/gnu_arm/7.2_2017q4/bin/../lib/gcc/arm-none-eabi/7.2.1/thumb/v7-m/crtbegin.o
 .ARM.attributes
                0x0000004a       0x1b c:/siliconlabs/simplicitystudio/v4/developer/toolchains/gnu_arm/7.2_2017q4/bin/../lib/gcc/arm-none-eabi/7.2.1/../../../../arm-none-eabi/lib/thumb/v7-m/crt0.o
 .ARM.attributes
                0x00000065       0x1b ./CMSIS/EFM32GG/startup_gcc_efm32gg.o
 .ARM.attributes
                0x00000080       0x33 ./CMSIS/EFM32GG/system_efm32gg.o
 .ARM.attributes
                0x000000b3       0x33 ./emlib/bsp_stk_leds.o
 .ARM.attributes
                0x000000e6       0x33 ./emlib/em_cmu.o
 .ARM.attributes
                0x00000119       0x33 ./emlib/em_gpio.o
 .ARM.attributes
                0x0000014c       0x33 ./emlib/em_lcd.o
 .ARM.attributes
                0x0000017f       0x33 ./emlib/em_system.o
 .ARM.attributes
                0x000001b2       0x33 ./emlib/em_usart.o
 .ARM.attributes
                0x000001e5       0x33 ./emlib/segmentlcd.o
 .ARM.attributes
                0x00000218       0x33 ./src/countdown.o
 .ARM.attributes
                0x0000024b       0x33 ./src/delay.o
 .ARM.attributes
                0x0000027e       0x33 ./src/getrandom.o
 .ARM.attributes
                0x000002b1       0x33 ./src/main.o
 .ARM.attributes
                0x000002e4       0x33 ./src/measure.o
 .ARM.attributes
                0x00000317       0x33 ./src/sendtousart.o
 .ARM.attributes
                0x0000034a       0x33 ./src/wait_to_start.o
 .ARM.attributes
                0x0000037d       0x2d c:/siliconlabs/simplicitystudio/v4/developer/toolchains/gnu_arm/7.2_2017q4/bin/../lib/gcc/arm-none-eabi/7.2.1/../../../../arm-none-eabi/lib/thumb/v7-m\libc_nano.a(lib_a-abs.o)
 .ARM.attributes
                0x000003aa       0x2d c:/siliconlabs/simplicitystudio/v4/developer/toolchains/gnu_arm/7.2_2017q4/bin/../lib/gcc/arm-none-eabi/7.2.1/../../../../arm-none-eabi/lib/thumb/v7-m\libc_nano.a(lib_a-exit.o)
 .ARM.attributes
                0x000003d7       0x2d c:/siliconlabs/simplicitystudio/v4/developer/toolchains/gnu_arm/7.2_2017q4/bin/../lib/gcc/arm-none-eabi/7.2.1/../../../../arm-none-eabi/lib/thumb/v7-m\libc_nano.a(lib_a-impure.o)
 .ARM.attributes
                0x00000404       0x2d c:/siliconlabs/simplicitystudio/v4/developer/toolchains/gnu_arm/7.2_2017q4/bin/../lib/gcc/arm-none-eabi/7.2.1/../../../../arm-none-eabi/lib/thumb/v7-m\libc_nano.a(lib_a-init.o)
 .ARM.attributes
                0x00000431       0x2d c:/siliconlabs/simplicitystudio/v4/developer/toolchains/gnu_arm/7.2_2017q4/bin/../lib/gcc/arm-none-eabi/7.2.1/../../../../arm-none-eabi/lib/thumb/v7-m\libc_nano.a(lib_a-memcpy-stub.o)
 .ARM.attributes
                0x0000045e       0x2d c:/siliconlabs/simplicitystudio/v4/developer/toolchains/gnu_arm/7.2_2017q4/bin/../lib/gcc/arm-none-eabi/7.2.1/../../../../arm-none-eabi/lib/thumb/v7-m\libc_nano.a(lib_a-memset.o)
 .ARM.attributes
                0x0000048b       0x2d c:/siliconlabs/simplicitystudio/v4/developer/toolchains/gnu_arm/7.2_2017q4/bin/../lib/gcc/arm-none-eabi/7.2.1/../../../../arm-none-eabi/lib/thumb/v7-m\libc_nano.a(lib_a-rand.o)
 .ARM.attributes
                0x000004b8       0x2d c:/siliconlabs/simplicitystudio/v4/developer/toolchains/gnu_arm/7.2_2017q4/bin/../lib/gcc/arm-none-eabi/7.2.1/../../../../arm-none-eabi/lib/thumb/v7-m\libc_nano.a(lib_a-sprintf.o)
 .ARM.attributes
                0x000004e5       0x17 c:/siliconlabs/simplicitystudio/v4/developer/toolchains/gnu_arm/7.2_2017q4/bin/../lib/gcc/arm-none-eabi/7.2.1/../../../../arm-none-eabi/lib/thumb/v7-m\libc_nano.a(lib_a-strlen.o)
 .ARM.attributes
                0x000004fc       0x2d c:/siliconlabs/simplicitystudio/v4/developer/toolchains/gnu_arm/7.2_2017q4/bin/../lib/gcc/arm-none-eabi/7.2.1/../../../../arm-none-eabi/lib/thumb/v7-m\libc_nano.a(lib_a-malloc.o)
 .ARM.attributes
                0x00000529       0x2d c:/siliconlabs/simplicitystudio/v4/developer/toolchains/gnu_arm/7.2_2017q4/bin/../lib/gcc/arm-none-eabi/7.2.1/../../../../arm-none-eabi/lib/thumb/v7-m\libc_nano.a(lib_a-nano-freer.o)
 .ARM.attributes
                0x00000556       0x2d c:/siliconlabs/simplicitystudio/v4/developer/toolchains/gnu_arm/7.2_2017q4/bin/../lib/gcc/arm-none-eabi/7.2.1/../../../../arm-none-eabi/lib/thumb/v7-m\libc_nano.a(lib_a-nano-mallocr.o)
 .ARM.attributes
                0x00000583       0x2d c:/siliconlabs/simplicitystudio/v4/developer/toolchains/gnu_arm/7.2_2017q4/bin/../lib/gcc/arm-none-eabi/7.2.1/../../../../arm-none-eabi/lib/thumb/v7-m\libc_nano.a(lib_a-nano-svfprintf.o)
 .ARM.attributes
                0x000005b0       0x2d c:/siliconlabs/simplicitystudio/v4/developer/toolchains/gnu_arm/7.2_2017q4/bin/../lib/gcc/arm-none-eabi/7.2.1/../../../../arm-none-eabi/lib/thumb/v7-m\libc_nano.a(lib_a-nano-vfprintf_i.o)
 .ARM.attributes
                0x000005dd       0x2d c:/siliconlabs/simplicitystudio/v4/developer/toolchains/gnu_arm/7.2_2017q4/bin/../lib/gcc/arm-none-eabi/7.2.1/../../../../arm-none-eabi/lib/thumb/v7-m\libc_nano.a(lib_a-sbrkr.o)
 .ARM.attributes
                0x0000060a       0x2d c:/siliconlabs/simplicitystudio/v4/developer/toolchains/gnu_arm/7.2_2017q4/bin/../lib/gcc/arm-none-eabi/7.2.1/../../../../arm-none-eabi/lib/thumb/v7-m\libc_nano.a(lib_a-memchr-stub.o)
 .ARM.attributes
                0x00000637       0x2d c:/siliconlabs/simplicitystudio/v4/developer/toolchains/gnu_arm/7.2_2017q4/bin/../lib/gcc/arm-none-eabi/7.2.1/../../../../arm-none-eabi/lib/thumb/v7-m\libc_nano.a(lib_a-memmove.o)
 .ARM.attributes
                0x00000664       0x2d c:/siliconlabs/simplicitystudio/v4/developer/toolchains/gnu_arm/7.2_2017q4/bin/../lib/gcc/arm-none-eabi/7.2.1/../../../../arm-none-eabi/lib/thumb/v7-m\libc_nano.a(lib_a-mlock.o)
 .ARM.attributes
                0x00000691       0x2d c:/siliconlabs/simplicitystudio/v4/developer/toolchains/gnu_arm/7.2_2017q4/bin/../lib/gcc/arm-none-eabi/7.2.1/../../../../arm-none-eabi/lib/thumb/v7-m\libc_nano.a(lib_a-nano-reallocr.o)
 .ARM.attributes
                0x000006be       0x2d c:/siliconlabs/simplicitystudio/v4/developer/toolchains/gnu_arm/7.2_2017q4/bin/../lib/gcc/arm-none-eabi/7.2.1/../../../../arm-none-eabi/lib/thumb/v7-m\libc_nano.a(lib_a-reent.o)
 .ARM.attributes
                0x000006eb       0x2d c:/siliconlabs/simplicitystudio/v4/developer/toolchains/gnu_arm/7.2_2017q4/bin/../lib/gcc/arm-none-eabi/7.2.1/../../../../arm-none-eabi/lib/thumb/v7-m\libc_nano.a(lib_a-nano-msizer.o)
 .ARM.attributes
                0x00000718       0x2d c:/siliconlabs/simplicitystudio/v4/developer/toolchains/gnu_arm/7.2_2017q4/bin/../lib/gcc/arm-none-eabi/7.2.1/../../../../arm-none-eabi/lib/thumb/v7-m\libnosys.a(sbrk.o)
 .ARM.attributes
                0x00000745       0x2d c:/siliconlabs/simplicitystudio/v4/developer/toolchains/gnu_arm/7.2_2017q4/bin/../lib/gcc/arm-none-eabi/7.2.1/../../../../arm-none-eabi/lib/thumb/v7-m\libnosys.a(_exit.o)
 .ARM.attributes
                0x00000772       0x2d c:/siliconlabs/simplicitystudio/v4/developer/toolchains/gnu_arm/7.2_2017q4/bin/../lib/gcc/arm-none-eabi/7.2.1/thumb/v7-m/crtend.o
 .ARM.attributes
                0x0000079f       0x1d c:/siliconlabs/simplicitystudio/v4/developer/toolchains/gnu_arm/7.2_2017q4/bin/../lib/gcc/arm-none-eabi/7.2.1/thumb/v7-m/crtn.o

.comment        0x00000000       0x7e
 .comment       0x00000000       0x7e ./CMSIS/EFM32GG/system_efm32gg.o
                                 0x7f (size before relaxing)
 .comment       0x0000007e       0x7f ./emlib/bsp_stk_leds.o
 .comment       0x0000007e       0x7f ./emlib/em_cmu.o
 .comment       0x0000007e       0x7f ./emlib/em_gpio.o
 .comment       0x0000007e       0x7f ./emlib/em_lcd.o
 .comment       0x0000007e       0x7f ./emlib/em_system.o
 .comment       0x0000007e       0x7f ./emlib/em_usart.o
 .comment       0x0000007e       0x7f ./emlib/segmentlcd.o
 .comment       0x0000007e       0x7f ./src/countdown.o
 .comment       0x0000007e       0x7f ./src/delay.o
 .comment       0x0000007e       0x7f ./src/getrandom.o
 .comment       0x0000007e       0x7f ./src/main.o
 .comment       0x0000007e       0x7f ./src/measure.o
 .comment       0x0000007e       0x7f ./src/sendtousart.o
 .comment       0x0000007e       0x7f ./src/wait_to_start.o

.debug_line     0x00000000     0x8d73
 .debug_line    0x00000000       0x72 ./CMSIS/EFM32GG/startup_gcc_efm32gg.o
 .debug_line    0x00000072      0x835 ./CMSIS/EFM32GG/system_efm32gg.o
 .debug_line    0x000008a7      0xad5 ./emlib/bsp_stk_leds.o
 .debug_line    0x0000137c     0x10ab ./emlib/em_cmu.o
 .debug_line    0x00002427      0x9b7 ./emlib/em_gpio.o
 .debug_line    0x00002dde      0xa0b ./emlib/em_lcd.o
 .debug_line    0x000037e9      0x80f ./emlib/em_system.o
 .debug_line    0x00003ff8      0xb7e ./emlib/em_usart.o
 .debug_line    0x00004b76      0xd76 ./emlib/segmentlcd.o
 .debug_line    0x000058ec      0x7ce ./src/countdown.o
 .debug_line    0x000060ba       0x51 ./src/delay.o
 .debug_line    0x0000610b      0x861 ./src/getrandom.o
 .debug_line    0x0000696c      0xa7d ./src/main.o
 .debug_line    0x000073e9      0x946 ./src/measure.o
 .debug_line    0x00007d2f      0x809 ./src/sendtousart.o
 .debug_line    0x00008538      0x83b ./src/wait_to_start.o

.debug_info     0x00000000     0x98fb
 .debug_info    0x00000000       0x26 ./CMSIS/EFM32GG/startup_gcc_efm32gg.o
 .debug_info    0x00000026      0x7a7 ./CMSIS/EFM32GG/system_efm32gg.o
 .debug_info    0x000007cd      0x845 ./emlib/bsp_stk_leds.o
 .debug_info    0x00001012     0x1624 ./emlib/em_cmu.o
 .debug_info    0x00002636      0x6f4 ./emlib/em_gpio.o
 .debug_info    0x00002d2a      0xb0e ./emlib/em_lcd.o
 .debug_info    0x00003838      0x2d6 ./emlib/em_system.o
 .debug_info    0x00003b0e      0xf50 ./emlib/em_usart.o
 .debug_info    0x00004a5e     0x1bfd ./emlib/segmentlcd.o
 .debug_info    0x0000665b      0x156 ./src/countdown.o
 .debug_info    0x000067b1       0x80 ./src/delay.o
 .debug_info    0x00006831      0xa63 ./src/getrandom.o
 .debug_info    0x00007294     0x1ac1 ./src/main.o
 .debug_info    0x00008d55      0x477 ./src/measure.o
 .debug_info    0x000091cc      0x32d ./src/sendtousart.o
 .debug_info    0x000094f9      0x402 ./src/wait_to_start.o

.debug_abbrev   0x00000000     0x1caa
 .debug_abbrev  0x00000000       0x14 ./CMSIS/EFM32GG/startup_gcc_efm32gg.o
 .debug_abbrev  0x00000014      0x1eb ./CMSIS/EFM32GG/system_efm32gg.o
 .debug_abbrev  0x000001ff      0x1eb ./emlib/bsp_stk_leds.o
 .debug_abbrev  0x000003ea      0x307 ./emlib/em_cmu.o
 .debug_abbrev  0x000006f1      0x21d ./emlib/em_gpio.o
 .debug_abbrev  0x0000090e      0x24b ./emlib/em_lcd.o
 .debug_abbrev  0x00000b59      0x153 ./emlib/em_system.o
 .debug_abbrev  0x00000cac      0x230 ./emlib/em_usart.o
 .debug_abbrev  0x00000edc      0x2ba ./emlib/segmentlcd.o
 .debug_abbrev  0x00001196       0xec ./src/countdown.o
 .debug_abbrev  0x00001282       0x78 ./src/delay.o
 .debug_abbrev  0x000012fa      0x1bf ./src/getrandom.o
 .debug_abbrev  0x000014b9      0x2f5 ./src/main.o
 .debug_abbrev  0x000017ae      0x1e6 ./src/measure.o
 .debug_abbrev  0x00001994      0x138 ./src/sendtousart.o
 .debug_abbrev  0x00001acc      0x1de ./src/wait_to_start.o

.debug_aranges  0x00000000      0x690
 .debug_aranges
                0x00000000       0x20 ./CMSIS/EFM32GG/startup_gcc_efm32gg.o
 .debug_aranges
                0x00000020       0x70 ./CMSIS/EFM32GG/system_efm32gg.o
 .debug_aranges
                0x00000090       0x78 ./emlib/bsp_stk_leds.o
 .debug_aranges
                0x00000108      0x180 ./emlib/em_cmu.o
 .debug_aranges
                0x00000288       0x78 ./emlib/em_gpio.o
 .debug_aranges
                0x00000300       0xa8 ./emlib/em_lcd.o
 .debug_aranges
                0x000003a8       0x28 ./emlib/em_system.o
 .debug_aranges
                0x000003d0       0xd0 ./emlib/em_usart.o
 .debug_aranges
                0x000004a0       0xc8 ./emlib/segmentlcd.o
 .debug_aranges
                0x00000568       0x20 ./src/countdown.o
 .debug_aranges
                0x00000588       0x20 ./src/delay.o
 .debug_aranges
                0x000005a8       0x20 ./src/getrandom.o
 .debug_aranges
                0x000005c8       0x48 ./src/main.o
 .debug_aranges
                0x00000610       0x30 ./src/measure.o
 .debug_aranges
                0x00000640       0x20 ./src/sendtousart.o
 .debug_aranges
                0x00000660       0x30 ./src/wait_to_start.o

.debug_str      0x00000000    0xddc85
 .debug_str     0x00000000       0x68 ./CMSIS/EFM32GG/startup_gcc_efm32gg.o
 .debug_str     0x00000068    0xd2816 ./CMSIS/EFM32GG/system_efm32gg.o
                              0xd2e74 (size before relaxing)
 .debug_str     0x000d287e     0x2501 ./emlib/bsp_stk_leds.o
                              0xd5022 (size before relaxing)
 .debug_str     0x000d4d7f     0x27df ./emlib/em_cmu.o
                              0xd6cb0 (size before relaxing)
 .debug_str     0x000d755e      0x1fb ./emlib/em_gpio.o
                              0xd36a8 (size before relaxing)
 .debug_str     0x000d7759      0x747 ./emlib/em_lcd.o
                              0xd330e (size before relaxing)
 .debug_str     0x000d7ea0       0xac ./emlib/em_system.o
                              0xd2f3d (size before relaxing)
 .debug_str     0x000d7f4c      0x8c8 ./emlib/em_usart.o
                              0xd500b (size before relaxing)
 .debug_str     0x000d8814     0x5048 ./emlib/segmentlcd.o
                              0xdb140 (size before relaxing)
 .debug_str     0x000dd85c       0x1d ./src/countdown.o
                              0xd2bee (size before relaxing)
 .debug_str     0x000dd879       0x29 ./src/delay.o
                               0x2cdc (size before relaxing)
 .debug_str     0x000dd8a2       0x24 ./src/getrandom.o
                              0xd5cf4 (size before relaxing)
 .debug_str     0x000dd8c6      0x367 ./src/main.o
                              0xd8fbd (size before relaxing)
 .debug_str     0x000ddc2d       0x27 ./src/measure.o
                              0xd3de4 (size before relaxing)
 .debug_str     0x000ddc54       0x1a ./src/sendtousart.o
                              0xd37a3 (size before relaxing)
 .debug_str     0x000ddc6e       0x17 ./src/wait_to_start.o
                              0xd334c (size before relaxing)

.debug_loc      0x00000000     0x3374
 .debug_loc     0x00000000      0x31c ./CMSIS/EFM32GG/system_efm32gg.o
 .debug_loc     0x0000031c      0x3f0 ./emlib/bsp_stk_leds.o
 .debug_loc     0x0000070c      0xe4c ./emlib/em_cmu.o
 .debug_loc     0x00001558      0x420 ./emlib/em_gpio.o
 .debug_loc     0x00001978      0x648 ./emlib/em_lcd.o
 .debug_loc     0x00001fc0       0xb8 ./emlib/em_system.o
 .debug_loc     0x00002078      0x7da ./emlib/em_usart.o
 .debug_loc     0x00002852      0x66a ./emlib/segmentlcd.o
 .debug_loc     0x00002ebc       0x2c ./src/countdown.o
 .debug_loc     0x00002ee8       0x5c ./src/delay.o
 .debug_loc     0x00002f44       0x50 ./src/getrandom.o
 .debug_loc     0x00002f94      0x1bc ./src/main.o
 .debug_loc     0x00003150       0xfc ./src/measure.o
 .debug_loc     0x0000324c       0x50 ./src/sendtousart.o
 .debug_loc     0x0000329c       0xd8 ./src/wait_to_start.o

.debug_ranges   0x00000000      0x580
 .debug_ranges  0x00000000       0x60 ./CMSIS/EFM32GG/system_efm32gg.o
 .debug_ranges  0x00000060       0x68 ./emlib/bsp_stk_leds.o
 .debug_ranges  0x000000c8      0x170 ./emlib/em_cmu.o
 .debug_ranges  0x00000238       0x68 ./emlib/em_gpio.o
 .debug_ranges  0x000002a0       0x98 ./emlib/em_lcd.o
 .debug_ranges  0x00000338       0x18 ./emlib/em_system.o
 .debug_ranges  0x00000350       0xc0 ./emlib/em_usart.o
 .debug_ranges  0x00000410       0xb8 ./emlib/segmentlcd.o
 .debug_ranges  0x000004c8       0x10 ./src/countdown.o
 .debug_ranges  0x000004d8       0x10 ./src/delay.o
 .debug_ranges  0x000004e8       0x10 ./src/getrandom.o
 .debug_ranges  0x000004f8       0x38 ./src/main.o
 .debug_ranges  0x00000530       0x20 ./src/measure.o
 .debug_ranges  0x00000550       0x10 ./src/sendtousart.o
 .debug_ranges  0x00000560       0x20 ./src/wait_to_start.o

.debug_macro    0x00000000    0x25a14
 .debug_macro   0x00000000      0x28e ./CMSIS/EFM32GG/system_efm32gg.o
 .debug_macro   0x0000028e      0xa48 ./CMSIS/EFM32GG/system_efm32gg.o
 .debug_macro   0x00000cd6       0x22 ./CMSIS/EFM32GG/system_efm32gg.o
 .debug_macro   0x00000cf8       0x4f ./CMSIS/EFM32GG/system_efm32gg.o
 .debug_macro   0x00000d47       0x51 ./CMSIS/EFM32GG/system_efm32gg.o
 .debug_macro   0x00000d98       0xef ./CMSIS/EFM32GG/system_efm32gg.o
 .debug_macro   0x00000e87       0x6a ./CMSIS/EFM32GG/system_efm32gg.o
 .debug_macro   0x00000ef1      0x1df ./CMSIS/EFM32GG/system_efm32gg.o
 .debug_macro   0x000010d0      0x39b ./CMSIS/EFM32GG/system_efm32gg.o
 .debug_macro   0x0000146b       0x1c ./CMSIS/EFM32GG/system_efm32gg.o
 .debug_macro   0x00001487       0x22 ./CMSIS/EFM32GG/system_efm32gg.o
 .debug_macro   0x000014a9       0xc3 ./CMSIS/EFM32GG/system_efm32gg.o
 .debug_macro   0x0000156c      0xe18 ./CMSIS/EFM32GG/system_efm32gg.o
 .debug_macro   0x00002384       0xe2 ./CMSIS/EFM32GG/system_efm32gg.o
 .debug_macro   0x00002466     0x2869 ./CMSIS/EFM32GG/system_efm32gg.o
 .debug_macro   0x00004ccf      0x39e ./CMSIS/EFM32GG/system_efm32gg.o
 .debug_macro   0x0000506d     0x3f12 ./CMSIS/EFM32GG/system_efm32gg.o
 .debug_macro   0x00008f7f      0x9a4 ./CMSIS/EFM32GG/system_efm32gg.o
 .debug_macro   0x00009923      0x6eb ./CMSIS/EFM32GG/system_efm32gg.o
 .debug_macro   0x0000a00e      0x283 ./CMSIS/EFM32GG/system_efm32gg.o
 .debug_macro   0x0000a291     0x1e37 ./CMSIS/EFM32GG/system_efm32gg.o
 .debug_macro   0x0000c0c8     0x30cb ./CMSIS/EFM32GG/system_efm32gg.o
 .debug_macro   0x0000f193      0x37f ./CMSIS/EFM32GG/system_efm32gg.o
 .debug_macro   0x0000f512      0x855 ./CMSIS/EFM32GG/system_efm32gg.o
 .debug_macro   0x0000fd67     0x230f ./CMSIS/EFM32GG/system_efm32gg.o
 .debug_macro   0x00012076     0x1bf6 ./CMSIS/EFM32GG/system_efm32gg.o
 .debug_macro   0x00013c6c     0x1709 ./CMSIS/EFM32GG/system_efm32gg.o
 .debug_macro   0x00015375      0x6d8 ./CMSIS/EFM32GG/system_efm32gg.o
 .debug_macro   0x00015a4d     0x106a ./CMSIS/EFM32GG/system_efm32gg.o
 .debug_macro   0x00016ab7     0x1d83 ./CMSIS/EFM32GG/system_efm32gg.o
 .debug_macro   0x0001883a      0x33d ./CMSIS/EFM32GG/system_efm32gg.o
 .debug_macro   0x00018b77      0xa66 ./CMSIS/EFM32GG/system_efm32gg.o
 .debug_macro   0x000195dd      0xfe0 ./CMSIS/EFM32GG/system_efm32gg.o
 .debug_macro   0x0001a5bd      0x894 ./CMSIS/EFM32GG/system_efm32gg.o
 .debug_macro   0x0001ae51      0xf85 ./CMSIS/EFM32GG/system_efm32gg.o
 .debug_macro   0x0001bdd6     0x12a5 ./CMSIS/EFM32GG/system_efm32gg.o
 .debug_macro   0x0001d07b      0xc4a ./CMSIS/EFM32GG/system_efm32gg.o
 .debug_macro   0x0001dcc5      0x74d ./CMSIS/EFM32GG/system_efm32gg.o
 .debug_macro   0x0001e412      0x1c9 ./CMSIS/EFM32GG/system_efm32gg.o
 .debug_macro   0x0001e5db     0x1041 ./CMSIS/EFM32GG/system_efm32gg.o
 .debug_macro   0x0001f61c      0x280 ./CMSIS/EFM32GG/system_efm32gg.o
 .debug_macro   0x0001f89c       0x40 ./CMSIS/EFM32GG/system_efm32gg.o
 .debug_macro   0x0001f8dc      0x250 ./CMSIS/EFM32GG/system_efm32gg.o
 .debug_macro   0x0001fb2c      0x1f0 ./CMSIS/EFM32GG/system_efm32gg.o
 .debug_macro   0x0001fd1c      0x166 ./CMSIS/EFM32GG/system_efm32gg.o
 .debug_macro   0x0001fe82      0x252 ./CMSIS/EFM32GG/system_efm32gg.o
 .debug_macro   0x000200d4     0x1bd7 ./CMSIS/EFM32GG/system_efm32gg.o
 .debug_macro   0x00021cab       0x2e ./CMSIS/EFM32GG/system_efm32gg.o
 .debug_macro   0x00021cd9      0x427 ./CMSIS/EFM32GG/system_efm32gg.o
 .debug_macro   0x00022100      0x427 ./CMSIS/EFM32GG/system_efm32gg.o
 .debug_macro   0x00022527      0x2fd ./emlib/bsp_stk_leds.o
 .debug_macro   0x00022824      0x367 ./emlib/em_cmu.o
 .debug_macro   0x00022b8b       0x58 ./emlib/em_cmu.o
 .debug_macro   0x00022be3      0x34d ./emlib/em_cmu.o
 .debug_macro   0x00022f30       0x25 ./emlib/em_cmu.o
 .debug_macro   0x00022f55       0xee ./emlib/em_cmu.o
 .debug_macro   0x00023043       0x1f ./emlib/em_cmu.o
 .debug_macro   0x00023062      0x2a7 ./emlib/em_gpio.o
 .debug_macro   0x00023309       0xc6 ./emlib/em_gpio.o
 .debug_macro   0x000233cf      0x29b ./emlib/em_lcd.o
 .debug_macro   0x0002366a       0x17 ./emlib/em_lcd.o
 .debug_macro   0x00023681      0x295 ./emlib/em_system.o
 .debug_macro   0x00023916      0x2eb ./emlib/em_usart.o
 .debug_macro   0x00023c01       0xeb ./emlib/em_usart.o
 .debug_macro   0x00023cec      0x432 ./emlib/segmentlcd.o
 .debug_macro   0x0002411e       0x16 ./emlib/segmentlcd.o
 .debug_macro   0x00024134       0x97 ./emlib/segmentlcd.o
 .debug_macro   0x000241cb       0xf6 ./emlib/segmentlcd.o
 .debug_macro   0x000242c1       0x10 ./emlib/segmentlcd.o
 .debug_macro   0x000242d1       0x10 ./emlib/segmentlcd.o
 .debug_macro   0x000242e1       0xb6 ./emlib/segmentlcd.o
 .debug_macro   0x00024397       0x16 ./emlib/segmentlcd.o
 .debug_macro   0x000243ad      0x129 ./emlib/segmentlcd.o
 .debug_macro   0x000244d6       0x16 ./emlib/segmentlcd.o
 .debug_macro   0x000244ec       0x16 ./emlib/segmentlcd.o
 .debug_macro   0x00024502       0x22 ./emlib/segmentlcd.o
 .debug_macro   0x00024524       0x1d ./emlib/segmentlcd.o
 .debug_macro   0x00024541      0x117 ./emlib/segmentlcd.o
 .debug_macro   0x00024658       0x22 ./emlib/segmentlcd.o
 .debug_macro   0x0002467a      0x28c ./src/countdown.o
 .debug_macro   0x00024906       0x15 ./src/delay.o
 .debug_macro   0x0002491b      0x34b ./src/getrandom.o
 .debug_macro   0x00024c66      0x10e ./src/getrandom.o
 .debug_macro   0x00024d74       0x86 ./src/getrandom.o
 .debug_macro   0x00024dfa      0x3f6 ./src/main.o
 .debug_macro   0x000251f0      0x2d7 ./src/measure.o
 .debug_macro   0x000254c7      0x2ae ./src/sendtousart.o
 .debug_macro   0x00025775      0x29f ./src/wait_to_start.o

.debug_frame    0x00000000     0x1cd0
 .debug_frame   0x00000000      0x180 ./CMSIS/EFM32GG/system_efm32gg.o
 .debug_frame   0x00000180      0x1d0 ./emlib/bsp_stk_leds.o
 .debug_frame   0x00000350      0x690 ./emlib/em_cmu.o
 .debug_frame   0x000009e0      0x1e0 ./emlib/em_gpio.o
 .debug_frame   0x00000bc0      0x2d0 ./emlib/em_lcd.o
 .debug_frame   0x00000e90       0x60 ./emlib/em_system.o
 .debug_frame   0x00000ef0      0x388 ./emlib/em_usart.o
 .debug_frame   0x00001278      0x318 ./emlib/segmentlcd.o
 .debug_frame   0x00001590       0x2c ./src/countdown.o
 .debug_frame   0x000015bc       0x38 ./src/delay.o
 .debug_frame   0x000015f4       0x34 ./src/getrandom.o
 .debug_frame   0x00001628       0xe4 ./src/main.o
 .debug_frame   0x0000170c       0x80 ./src/measure.o
 .debug_frame   0x0000178c       0x34 ./src/sendtousart.o
 .debug_frame   0x000017c0       0x78 ./src/wait_to_start.o
 .debug_frame   0x00001838       0x20 c:/siliconlabs/simplicitystudio/v4/developer/toolchains/gnu_arm/7.2_2017q4/bin/../lib/gcc/arm-none-eabi/7.2.1/../../../../arm-none-eabi/lib/thumb/v7-m\libc_nano.a(lib_a-abs.o)
 .debug_frame   0x00001858       0x28 c:/siliconlabs/simplicitystudio/v4/developer/toolchains/gnu_arm/7.2_2017q4/bin/../lib/gcc/arm-none-eabi/7.2.1/../../../../arm-none-eabi/lib/thumb/v7-m\libc_nano.a(lib_a-exit.o)
 .debug_frame   0x00001880       0x2c c:/siliconlabs/simplicitystudio/v4/developer/toolchains/gnu_arm/7.2_2017q4/bin/../lib/gcc/arm-none-eabi/7.2.1/../../../../arm-none-eabi/lib/thumb/v7-m\libc_nano.a(lib_a-init.o)
 .debug_frame   0x000018ac       0x28 c:/siliconlabs/simplicitystudio/v4/developer/toolchains/gnu_arm/7.2_2017q4/bin/../lib/gcc/arm-none-eabi/7.2.1/../../../../arm-none-eabi/lib/thumb/v7-m\libc_nano.a(lib_a-memcpy-stub.o)
 .debug_frame   0x000018d4       0x20 c:/siliconlabs/simplicitystudio/v4/developer/toolchains/gnu_arm/7.2_2017q4/bin/../lib/gcc/arm-none-eabi/7.2.1/../../../../arm-none-eabi/lib/thumb/v7-m\libc_nano.a(lib_a-memset.o)
 .debug_frame   0x000018f4       0x48 c:/siliconlabs/simplicitystudio/v4/developer/toolchains/gnu_arm/7.2_2017q4/bin/../lib/gcc/arm-none-eabi/7.2.1/../../../../arm-none-eabi/lib/thumb/v7-m\libc_nano.a(lib_a-rand.o)
 .debug_frame   0x0000193c       0x6c c:/siliconlabs/simplicitystudio/v4/developer/toolchains/gnu_arm/7.2_2017q4/bin/../lib/gcc/arm-none-eabi/7.2.1/../../../../arm-none-eabi/lib/thumb/v7-m\libc_nano.a(lib_a-sprintf.o)
 .debug_frame   0x000019a8       0x30 c:/siliconlabs/simplicitystudio/v4/developer/toolchains/gnu_arm/7.2_2017q4/bin/../lib/gcc/arm-none-eabi/7.2.1/../../../../arm-none-eabi/lib/thumb/v7-m\libc_nano.a(lib_a-malloc.o)
 .debug_frame   0x000019d8       0x38 c:/siliconlabs/simplicitystudio/v4/developer/toolchains/gnu_arm/7.2_2017q4/bin/../lib/gcc/arm-none-eabi/7.2.1/../../../../arm-none-eabi/lib/thumb/v7-m\libc_nano.a(lib_a-nano-freer.o)
 .debug_frame   0x00001a10       0x2c c:/siliconlabs/simplicitystudio/v4/developer/toolchains/gnu_arm/7.2_2017q4/bin/../lib/gcc/arm-none-eabi/7.2.1/../../../../arm-none-eabi/lib/thumb/v7-m\libc_nano.a(lib_a-nano-mallocr.o)
 .debug_frame   0x00001a3c       0x90 c:/siliconlabs/simplicitystudio/v4/developer/toolchains/gnu_arm/7.2_2017q4/bin/../lib/gcc/arm-none-eabi/7.2.1/../../../../arm-none-eabi/lib/thumb/v7-m\libc_nano.a(lib_a-nano-svfprintf.o)
 .debug_frame   0x00001acc       0x60 c:/siliconlabs/simplicitystudio/v4/developer/toolchains/gnu_arm/7.2_2017q4/bin/../lib/gcc/arm-none-eabi/7.2.1/../../../../arm-none-eabi/lib/thumb/v7-m\libc_nano.a(lib_a-nano-vfprintf_i.o)
 .debug_frame   0x00001b2c       0x2c c:/siliconlabs/simplicitystudio/v4/developer/toolchains/gnu_arm/7.2_2017q4/bin/../lib/gcc/arm-none-eabi/7.2.1/../../../../arm-none-eabi/lib/thumb/v7-m\libc_nano.a(lib_a-sbrkr.o)
 .debug_frame   0x00001b58       0x28 c:/siliconlabs/simplicitystudio/v4/developer/toolchains/gnu_arm/7.2_2017q4/bin/../lib/gcc/arm-none-eabi/7.2.1/../../../../arm-none-eabi/lib/thumb/v7-m\libc_nano.a(lib_a-memchr-stub.o)
 .debug_frame   0x00001b80       0x28 c:/siliconlabs/simplicitystudio/v4/developer/toolchains/gnu_arm/7.2_2017q4/bin/../lib/gcc/arm-none-eabi/7.2.1/../../../../arm-none-eabi/lib/thumb/v7-m\libc_nano.a(lib_a-memmove.o)
 .debug_frame   0x00001ba8       0x30 c:/siliconlabs/simplicitystudio/v4/developer/toolchains/gnu_arm/7.2_2017q4/bin/../lib/gcc/arm-none-eabi/7.2.1/../../../../arm-none-eabi/lib/thumb/v7-m\libc_nano.a(lib_a-mlock.o)
 .debug_frame   0x00001bd8       0x3c c:/siliconlabs/simplicitystudio/v4/developer/toolchains/gnu_arm/7.2_2017q4/bin/../lib/gcc/arm-none-eabi/7.2.1/../../../../arm-none-eabi/lib/thumb/v7-m\libc_nano.a(lib_a-nano-reallocr.o)
 .debug_frame   0x00001c14       0x5c c:/siliconlabs/simplicitystudio/v4/developer/toolchains/gnu_arm/7.2_2017q4/bin/../lib/gcc/arm-none-eabi/7.2.1/../../../../arm-none-eabi/lib/thumb/v7-m\libc_nano.a(lib_a-reent.o)
 .debug_frame   0x00001c70       0x20 c:/siliconlabs/simplicitystudio/v4/developer/toolchains/gnu_arm/7.2_2017q4/bin/../lib/gcc/arm-none-eabi/7.2.1/../../../../arm-none-eabi/lib/thumb/v7-m\libc_nano.a(lib_a-nano-msizer.o)
 .debug_frame   0x00001c90       0x20 c:/siliconlabs/simplicitystudio/v4/developer/toolchains/gnu_arm/7.2_2017q4/bin/../lib/gcc/arm-none-eabi/7.2.1/../../../../arm-none-eabi/lib/thumb/v7-m\libnosys.a(sbrk.o)
 .debug_frame   0x00001cb0       0x20 c:/siliconlabs/simplicitystudio/v4/developer/toolchains/gnu_arm/7.2_2017q4/bin/../lib/gcc/arm-none-eabi/7.2.1/../../../../arm-none-eabi/lib/thumb/v7-m\libnosys.a(_exit.o)
